// Jest Snapshot v1, https://goo.gl/fbAQLP

exports[`renders three <About /> components 1`] = `
<div
  className="sd"
>
  <h2>
    About abd
  </h2>
</div>
`;
