// Jest Snapshot v1, https://goo.gl/fbAQLP

exports[`CustomerService render CustomerService 1`] = `
<div>
  <h3>
    customer-service
  </h3>
</div>
`;
